// Jest Snapshot v1, https://goo.gl/fbAQLP

exports[`Login renders LoginTitle and LoginForm 1`] = `
<div
  className="loginWrapper"
>
  <LoginTitle />
  <LoginForm
    handleOnChangeEmail={[Function]}
    handleOnChangePassword={[Function]}
    handleSubmit={[Function]}
  />
</div>
`;
